tg\univlome\epl\pharmarciemanagement\controllers\HomeController$1$1.class
tg\univlome\epl\pharmarciemanagement\services\ValidationService.class
tg\univlome\epl\pharmarciemanagement\services\AuthService.class
tg\univlome\epl\pharmarciemanagement\utils\PasswordHasher.class
tg\univlome\epl\pharmarciemanagement\dao\DatabaseConnection.class
tg\univlome\epl\pharmarciemanagement\models\Medicament.class
tg\univlome\epl\pharmarciemanagement\controllers\SignUpController.class
tg\univlome\epl\pharmarciemanagement\dao\MedicamentDAO.class
tg\univlome\epl\pharmarciemanagement\controllers\HomeController$3.class
tg\univlome\epl\pharmarciemanagement\models\User.class
tg\univlome\epl\pharmarciemanagement\exceptions\ValidationException.class
tg\univlome\epl\pharmarciemanagement\exceptions\DatabaseException.class
tg\univlome\epl\pharmarciemanagement\controllers\HomeController$1.class
tg\univlome\epl\pharmarciemanagement\utils\SessionManager.class
tg\univlome\epl\pharmarciemanagement\dao\UserDAO.class
tg\univlome\epl\pharmarciemanagement\services\MedicamentService.class
tg\univlome\epl\pharmarciemanagement\utils\DateUtils.class
tg\univlome\epl\pharmarciemanagement\controllers\AddMedicamentController.class
tg\univlome\epl\pharmarciemanagement\controllers\LoginController.class
tg\univlome\epl\pharmarciemanagement\utils\AlertUtils.class
tg\univlome\epl\pharmarciemanagement\PharmarcieManagement.class
tg\univlome\epl\pharmarciemanagement\controllers\HomeController.class
tg\univlome\epl\pharmarciemanagement\exceptions\AuthenticationException.class
tg\univlome\epl\pharmarciemanagement\controllers\HomeController$2.class
