D:\a\ProjetDesktop_sujet5\ProjetDesktop_sujet5\src\main\java\tg\univlome\epl\pharmarciemanagement\controllers\AddMedicamentController.java
D:\a\ProjetDesktop_sujet5\ProjetDesktop_sujet5\src\main\java\tg\univlome\epl\pharmarciemanagement\controllers\HomeController.java
D:\a\ProjetDesktop_sujet5\ProjetDesktop_sujet5\src\main\java\tg\univlome\epl\pharmarciemanagement\controllers\LoginController.java
D:\a\ProjetDesktop_sujet5\ProjetDesktop_sujet5\src\main\java\tg\univlome\epl\pharmarciemanagement\controllers\SignUpController.java
D:\a\ProjetDesktop_sujet5\ProjetDesktop_sujet5\src\main\java\tg\univlome\epl\pharmarciemanagement\dao\DatabaseConnection.java
D:\a\ProjetDesktop_sujet5\ProjetDesktop_sujet5\src\main\java\tg\univlome\epl\pharmarciemanagement\dao\MedicamentDAO.java
D:\a\ProjetDesktop_sujet5\ProjetDesktop_sujet5\src\main\java\tg\univlome\epl\pharmarciemanagement\dao\UserDAO.java
D:\a\ProjetDesktop_sujet5\ProjetDesktop_sujet5\src\main\java\tg\univlome\epl\pharmarciemanagement\exceptions\AuthenticationException.java
D:\a\ProjetDesktop_sujet5\ProjetDesktop_sujet5\src\main\java\tg\univlome\epl\pharmarciemanagement\exceptions\DatabaseException.java
D:\a\ProjetDesktop_sujet5\ProjetDesktop_sujet5\src\main\java\tg\univlome\epl\pharmarciemanagement\exceptions\ValidationException.java
D:\a\ProjetDesktop_sujet5\ProjetDesktop_sujet5\src\main\java\tg\univlome\epl\pharmarciemanagement\models\Medicament.java
D:\a\ProjetDesktop_sujet5\ProjetDesktop_sujet5\src\main\java\tg\univlome\epl\pharmarciemanagement\models\User.java
D:\a\ProjetDesktop_sujet5\ProjetDesktop_sujet5\src\main\java\tg\univlome\epl\pharmarciemanagement\PharmarcieManagement.java
D:\a\ProjetDesktop_sujet5\ProjetDesktop_sujet5\src\main\java\tg\univlome\epl\pharmarciemanagement\services\AuthService.java
D:\a\ProjetDesktop_sujet5\ProjetDesktop_sujet5\src\main\java\tg\univlome\epl\pharmarciemanagement\services\MedicamentService.java
D:\a\ProjetDesktop_sujet5\ProjetDesktop_sujet5\src\main\java\tg\univlome\epl\pharmarciemanagement\services\ValidationService.java
D:\a\ProjetDesktop_sujet5\ProjetDesktop_sujet5\src\main\java\tg\univlome\epl\pharmarciemanagement\utils\AlertUtils.java
D:\a\ProjetDesktop_sujet5\ProjetDesktop_sujet5\src\main\java\tg\univlome\epl\pharmarciemanagement\utils\DateUtils.java
D:\a\ProjetDesktop_sujet5\ProjetDesktop_sujet5\src\main\java\tg\univlome\epl\pharmarciemanagement\utils\PasswordHasher.java
D:\a\ProjetDesktop_sujet5\ProjetDesktop_sujet5\src\main\java\tg\univlome\epl\pharmarciemanagement\utils\SessionManager.java
